// Jest Snapshot v1, https://goo.gl/fbAQLP

exports[`render Sidebar 1`] = `
<body
  style="overflow: hidden; padding-right: 0px;"
>
  <div
    aria-hidden="true"
  />
  <div
    class="MuiModal-root MuiDrawer-modal"
    id="sidebar-drawer"
  >
    <div
      aria-hidden="true"
      class="MuiBackdrop-root"
      style="opacity: 1; -webkit-transition: opacity 0ms cubic-bezier(0.4, 0, 0.2, 1) 0ms;"
    />
    <div
      class="MuiPaper-root MuiPaper-elevation16 MuiDrawer-paper MuiDrawer-paperAnchorLeft"
      direction="right"
      role="document"
      tabindex="-1"
    >
      <div>
        <button
          class="MuiButtonBase-root MuiIconButton-root"
          id="close-sidebar"
          tabindex="0"
          type="button"
        >
          <span
            class="MuiIconButton-label"
          >
            <svg
              aria-hidden="true"
              class="MuiSvgIcon-root"
              focusable="false"
              role="presentation"
              viewBox="0 0 24 24"
            >
              <path
                d="M0 0h24v24H0z"
                fill="none"
              />
              <path
                d="M20 11H7.83l5.59-5.59L12 4l-8 8 8 8 1.41-1.41L7.83 13H20v-2z"
              />
            </svg>
          </span>
          <span
            class="MuiTouchRipple-root"
          />
        </button>
        <hr
          class="MuiDivider-root"
        />
        <span
          class="collapseAllSidebarItems"
          data-testid="collapse-all-sidebar-items"
        />
      </div>
      <div
        class="drawer"
        role="button"
        tabindex="0"
      >
        <ul
          class="MuiList-root MuiList-padding list"
        >
          <div
            class="MuiButtonBase-root MuiListItem-root MuiListItem-default MuiListItem-gutters MuiListItem-button"
            role="button"
            tabindex="0"
          >
            <div
              class="MuiListItemText-root"
            >
              <span
                class="MuiTypography-root MuiTypography-subtitle1 MuiListItemText-primary"
              >
                Sample Management
              </span>
            </div>
            <svg
              aria-hidden="true"
              class="MuiSvgIcon-root"
              focusable="false"
              role="presentation"
              viewBox="0 0 24 24"
            >
              <path
                d="M16.59 8.59L12 13.17 7.41 8.59 6 10l6 6 6-6z"
              />
              <path
                d="M0 0h24v24H0z"
                fill="none"
              />
            </svg>
          </div>
          <div
            class="MuiCollapse-container"
            style="min-height: 0px; height: 0px;"
          >
            <div
              class="MuiCollapse-wrapper"
            >
              <div
                class="MuiCollapse-wrapperInner"
              >
                <ul
                  class="MuiList-root MuiList-padding"
                >
                  <a
                    class="MuiButtonBase-root MuiListItem-root MuiListItem-default MuiListItem-dense MuiListItem-gutters MuiListItem-button nested"
                    href="https://edc-client-staging.eng.aws.grail.com/v2/trfs/table"
                    rel="noopener noreferrer"
                    role="button"
                    tabindex="0"
                    target="_blank"
                  >
                    <div
                      class="MuiListItemText-root MuiListItemText-dense"
                    >
                      <span
                        class="MuiTypography-root MuiTypography-subtitle1 MuiListItemText-primary MuiListItemText-textDense"
                      >
                        Commercial Accessioning
                      </span>
                    </div>
                  </a>
                  <a
                    class="MuiButtonBase-root MuiListItem-root MuiListItem-default MuiListItem-dense MuiListItem-gutters MuiListItem-button nested"
                    exact="false"
                    href="/lims/accession"
                    id="lims-lims-accession"
                    role="button"
                    tabindex="0"
                  >
                    <div
                      class="MuiListItemText-root MuiListItemText-dense"
                    >
                      <span
                        class="MuiTypography-root MuiTypography-subtitle1 MuiListItemText-primary MuiListItemText-textDense"
                      >
                        Research Accessioning
                      </span>
                    </div>
                  </a>
                  <a
                    class="MuiButtonBase-root MuiListItem-root MuiListItem-default MuiListItem-dense MuiListItem-gutters MuiListItem-button nested"
                    exact="false"
                    href="/lims/samples"
                    id="lims-lims-samples"
                    role="button"
                    tabindex="0"
                  >
                    <div
                      class="MuiListItemText-root MuiListItemText-dense"
                    >
                      <span
                        class="MuiTypography-root MuiTypography-subtitle1 MuiListItemText-primary MuiListItemText-textDense"
                      >
                        Samples
                      </span>
                    </div>
                  </a>
                  <a
                    class="MuiButtonBase-root MuiListItem-root MuiListItem-default MuiListItem-dense MuiListItem-gutters MuiListItem-button nested"
                    exact="false"
                    href="/lims/stored-samples"
                    id="lims-lims-stored-samples"
                    role="button"
                    tabindex="0"
                  >
                    <div
                      class="MuiListItemText-root MuiListItemText-dense"
                    >
                      <span
                        class="MuiTypography-root MuiTypography-subtitle1 MuiListItemText-primary MuiListItemText-textDense"
                      >
                        Stored Samples
                      </span>
                    </div>
                  </a>
                  <a
                    class="MuiButtonBase-root MuiListItem-root MuiListItem-default MuiListItem-dense MuiListItem-gutters MuiListItem-button nested"
                    exact="false"
                    href="/lims/containers"
                    id="lims-lims-containers"
                    role="button"
                    tabindex="0"
                  >
                    <div
                      class="MuiListItemText-root MuiListItemText-dense"
                    >
                      <span
                        class="MuiTypography-root MuiTypography-subtitle1 MuiListItemText-primary MuiListItemText-textDense"
                      >
                        Containers
                      </span>
                    </div>
                  </a>
                  <a
                    class="MuiButtonBase-root MuiListItem-root MuiListItem-default MuiListItem-dense MuiListItem-gutters MuiListItem-button nested"
                    exact="false"
                    href="/lims/batches"
                    id="lims-lims-batches"
                    role="button"
                    tabindex="0"
                  >
                    <div
                      class="MuiListItemText-root MuiListItemText-dense"
                    >
                      <span
                        class="MuiTypography-root MuiTypography-subtitle1 MuiListItemText-primary MuiListItemText-textDense"
                      >
                        Batches
                      </span>
                    </div>
                  </a>
                  <a
                    class="MuiButtonBase-root MuiListItem-root MuiListItem-default MuiListItem-dense MuiListItem-gutters MuiListItem-button nested"
                    exact="false"
                    href="/lims/issues"
                    id="lims-lims-issues"
                    role="button"
                    tabindex="0"
                  >
                    <div
                      class="MuiListItemText-root MuiListItemText-dense"
                    >
                      <span
                        class="MuiTypography-root MuiTypography-subtitle1 MuiListItemText-primary MuiListItemText-textDense"
                      >
                        Issues
                      </span>
                    </div>
                  </a>
                  <a
                    class="MuiButtonBase-root MuiListItem-root MuiListItem-default MuiListItem-dense MuiListItem-gutters MuiListItem-button nested"
                    exact="false"
                    href="/lims/sequencing-runs"
                    id="lims-lims-sequencing-runs"
                    role="button"
                    tabindex="0"
                  >
                    <div
                      class="MuiListItemText-root MuiListItemText-dense"
                    >
                      <span
                        class="MuiTypography-root MuiTypography-subtitle1 MuiListItemText-primary MuiListItemText-textDense"
                      >
                        Sequencing Runs
                      </span>
                    </div>
                  </a>
                  <a
                    class="MuiButtonBase-root MuiListItem-root MuiListItem-default MuiListItem-dense MuiListItem-gutters MuiListItem-button nested"
                    exact="false"
                    href="/lims/print-labels"
                    id="lims-lims-print-labels"
                    role="button"
                    tabindex="0"
                  >
                    <div
                      class="MuiListItemText-root MuiListItemText-dense"
                    >
                      <span
                        class="MuiTypography-root MuiTypography-subtitle1 MuiListItemText-primary MuiListItemText-textDense"
                      >
                        Print Labels
                      </span>
                    </div>
                  </a>
                  <a
                    class="MuiButtonBase-root MuiListItem-root MuiListItem-default MuiListItem-dense MuiListItem-gutters MuiListItem-button nested"
                    exact="false"
                    href="/lims/non-patient-samples"
                    id="lims-lims-non-patient-samples"
                    role="button"
                    tabindex="0"
                  >
                    <div
                      class="MuiListItemText-root MuiListItemText-dense"
                    >
                      <span
                        class="MuiTypography-root MuiTypography-subtitle1 MuiListItemText-primary MuiListItemText-textDense"
                      >
                        Non-Patient Samples
                      </span>
                    </div>
                  </a>
                  <a
                    class="MuiButtonBase-root MuiListItem-root MuiListItem-default MuiListItem-dense MuiListItem-gutters MuiListItem-button nested"
                    exact="false"
                    href="/lims/create-non-patient-samples"
                    id="lims-lims-create-non-patient-samples"
                    role="button"
                    tabindex="0"
                  >
                    <div
                      class="MuiListItemText-root MuiListItemText-dense"
                    >
                      <span
                        class="MuiTypography-root MuiTypography-subtitle1 MuiListItemText-primary MuiListItemText-textDense"
                      >
                        Create Non-Patient Samples
                      </span>
                    </div>
                  </a>
                </ul>
              </div>
            </div>
          </div>
          <div
            class="MuiButtonBase-root MuiListItem-root MuiListItem-default MuiListItem-gutters MuiListItem-button"
            role="button"
            tabindex="0"
          >
            <div
              class="MuiListItemText-root"
            >
              <span
                class="MuiTypography-root MuiTypography-subtitle1 MuiListItemText-primary"
              >
                Automation
              </span>
            </div>
            <svg
              aria-hidden="true"
              class="MuiSvgIcon-root"
              focusable="false"
              role="presentation"
              viewBox="0 0 24 24"
            >
              <path
                d="M12 8l-6 6 1.41 1.41L12 10.83l4.59 4.58L18 14z"
              />
              <path
                d="M0 0h24v24H0z"
                fill="none"
              />
            </svg>
          </div>
          <div
            class="MuiCollapse-container MuiCollapse-entered"
            style="min-height: 0px;"
          >
            <div
              class="MuiCollapse-wrapper"
            >
              <div
                class="MuiCollapse-wrapperInner"
              >
                <ul
                  class="MuiList-root MuiList-padding"
                >
                  <a
                    class="MuiButtonBase-root MuiListItem-root MuiListItem-default MuiListItem-dense MuiListItem-gutters MuiListItem-button active nested"
                    exact="false"
                    href="/automation/program-runs"
                    id="lims-automation-program-runs"
                    role="button"
                    tabindex="0"
                  >
                    <div
                      class="MuiListItemText-root MuiListItemText-dense"
                    >
                      <span
                        class="MuiTypography-root MuiTypography-subtitle1 MuiListItemText-primary MuiListItemText-textDense"
                      >
                        Program Runs
                      </span>
                    </div>
                  </a>
                  <a
                    class="MuiButtonBase-root MuiListItem-root MuiListItem-default MuiListItem-dense MuiListItem-gutters MuiListItem-button nested"
                    exact="false"
                    href="/automation/resources"
                    id="lims-automation-resources"
                    role="button"
                    tabindex="0"
                  >
                    <div
                      class="MuiListItemText-root MuiListItemText-dense"
                    >
                      <span
                        class="MuiTypography-root MuiTypography-subtitle1 MuiListItemText-primary MuiListItemText-textDense"
                      >
                        Resources
                      </span>
                    </div>
                  </a>
                  <a
                    class="MuiButtonBase-root MuiListItem-root MuiListItem-default MuiListItem-dense MuiListItem-gutters MuiListItem-button nested"
                    exact="false"
                    href="/automation/programs"
                    id="lims-automation-programs"
                    role="button"
                    tabindex="0"
                  >
                    <div
                      class="MuiListItemText-root MuiListItemText-dense"
                    >
                      <span
                        class="MuiTypography-root MuiTypography-subtitle1 MuiListItemText-primary MuiListItemText-textDense"
                      >
                        Programs
                      </span>
                    </div>
                  </a>
                  <a
                    class="MuiButtonBase-root MuiListItem-root MuiListItem-default MuiListItem-dense MuiListItem-gutters MuiListItem-button nested"
                    exact="false"
                    href="/automation/program-regex-tester"
                    id="lims-automation-program-regex-tester"
                    role="button"
                    tabindex="0"
                  >
                    <div
                      class="MuiListItemText-root MuiListItemText-dense"
                    >
                      <span
                        class="MuiTypography-root MuiTypography-subtitle1 MuiListItemText-primary MuiListItemText-textDense"
                      >
                        Program Regex Tester
                      </span>
                    </div>
                  </a>
                </ul>
              </div>
            </div>
          </div>
          <div
            class="MuiButtonBase-root MuiListItem-root MuiListItem-default MuiListItem-gutters MuiListItem-button"
            role="button"
            tabindex="0"
          >
            <div
              class="MuiListItemText-root"
            >
              <span
                class="MuiTypography-root MuiTypography-subtitle1 MuiListItemText-primary"
              >
                Pipeline
              </span>
            </div>
            <svg
              aria-hidden="true"
              class="MuiSvgIcon-root"
              focusable="false"
              role="presentation"
              viewBox="0 0 24 24"
            >
              <path
                d="M16.59 8.59L12 13.17 7.41 8.59 6 10l6 6 6-6z"
              />
              <path
                d="M0 0h24v24H0z"
                fill="none"
              />
            </svg>
          </div>
          <div
            class="MuiButtonBase-root MuiListItem-root MuiListItem-default MuiListItem-gutters MuiListItem-button"
            role="button"
            tabindex="0"
          >
            <div
              class="MuiListItemText-root"
            >
              <span
                class="MuiTypography-root MuiTypography-subtitle1 MuiListItemText-primary"
              >
                Test Management
              </span>
            </div>
            <svg
              aria-hidden="true"
              class="MuiSvgIcon-root"
              focusable="false"
              role="presentation"
              viewBox="0 0 24 24"
            >
              <path
                d="M16.59 8.59L12 13.17 7.41 8.59 6 10l6 6 6-6z"
              />
              <path
                d="M0 0h24v24H0z"
                fill="none"
              />
            </svg>
          </div>
          <div
            class="MuiButtonBase-root MuiListItem-root MuiListItem-default MuiListItem-gutters MuiListItem-button"
            role="button"
            tabindex="0"
          >
            <div
              class="MuiListItemText-root"
            >
              <span
                class="MuiTypography-root MuiTypography-subtitle1 MuiListItemText-primary"
              >
                Metrics
              </span>
            </div>
            <svg
              aria-hidden="true"
              class="MuiSvgIcon-root"
              focusable="false"
              role="presentation"
              viewBox="0 0 24 24"
            >
              <path
                d="M16.59 8.59L12 13.17 7.41 8.59 6 10l6 6 6-6z"
              />
              <path
                d="M0 0h24v24H0z"
                fill="none"
              />
            </svg>
          </div>
          <div
            class="MuiButtonBase-root MuiListItem-root MuiListItem-default MuiListItem-gutters MuiListItem-button"
            role="button"
            tabindex="0"
          >
            <div
              class="MuiListItemText-root"
            >
              <span
                class="MuiTypography-root MuiTypography-subtitle1 MuiListItemText-primary"
              >
                Reagents
              </span>
            </div>
            <svg
              aria-hidden="true"
              class="MuiSvgIcon-root"
              focusable="false"
              role="presentation"
              viewBox="0 0 24 24"
            >
              <path
                d="M16.59 8.59L12 13.17 7.41 8.59 6 10l6 6 6-6z"
              />
              <path
                d="M0 0h24v24H0z"
                fill="none"
              />
            </svg>
          </div>
          <a
            class="MuiButtonBase-root MuiListItem-root MuiListItem-default MuiListItem-gutters MuiListItem-button"
            exact="false"
            href="/facilities/instruments"
            id="lims-facilities-instruments"
            role="button"
            tabindex="0"
          >
            <div
              class="MuiListItemText-root"
            >
              <span
                class="MuiTypography-root MuiTypography-subtitle1 MuiListItemText-primary"
              >
                Instruments
              </span>
            </div>
          </a>
          <div
            class="MuiButtonBase-root MuiListItem-root MuiListItem-default MuiListItem-gutters MuiListItem-button"
            role="button"
            tabindex="0"
          >
            <div
              class="MuiListItemText-root"
            >
              <span
                class="MuiTypography-root MuiTypography-subtitle1 MuiListItemText-primary"
              >
                R&D
              </span>
            </div>
            <svg
              aria-hidden="true"
              class="MuiSvgIcon-root"
              focusable="false"
              role="presentation"
              viewBox="0 0 24 24"
            >
              <path
                d="M16.59 8.59L12 13.17 7.41 8.59 6 10l6 6 6-6z"
              />
              <path
                d="M0 0h24v24H0z"
                fill="none"
              />
            </svg>
          </div>
        </ul>
      </div>
      <div
        class="drawerFooter"
      >
        <hr
          class="MuiDivider-root"
        />
        <span>
          Footer
        </span>
      </div>
    </div>
  </div>
</body>
`;
