// Jest Snapshot v1, https://goo.gl/fbAQLP

exports[`render LinkButton 1`] = `
<div>
  <a
    class="link"
    data-testid="link"
    href="/some-page"
  >
    <button
      class=""
      data-testid="button"
      tabindex="0"
      type="button"
    >
      <span>
        This link probably goes nowhere
      </span>
      <span
        class=""
      />
    </button>
  </a>
</div>
`;
