// Jest Snapshot v1, https://goo.gl/fbAQLP

exports[`render style wrapper 1`] = `
<div>
  <button
    class="MuiButtonBase-root MuiButton-root MuiButton-textPrimary MuiButton-flat MuiButton-flatPrimary"
    tabindex="0"
    type="button"
  >
    <span
      class="MuiButton-label"
    >
      Primary
    </span>
    <span
      class="MuiTouchRipple-root"
    />
  </button>
  <button
    class="MuiButtonBase-root MuiButton-root MuiButton-contained MuiButton-containedSecondary MuiButton-raised MuiButton-raisedSecondary"
    tabindex="0"
    type="button"
  >
    <span
      class="MuiButton-label"
    >
      Secondary
    </span>
    <span
      class="MuiTouchRipple-root"
    />
  </button>
</div>
`;
