// Jest Snapshot v1, https://goo.gl/fbAQLP

exports[`render common tabbed page 1`] = `
<div>
  <div
    class="pageContainer"
    data-testid="common-page"
  >
    <div
      class="stickyHeader pageHeader"
      data-testid="common-page-header"
    >
      <div
        class="cardHeader"
      >
        <div>
          <span
            class="header-title"
            data-testid="common-page-title"
          >
            Test Card
          </span>
          <span
            class=""
            data-testid="common-page-subtitle"
          />
        </div>
        <div
          class="headerActions"
        >
          <button
            class=""
            tabindex="0"
            type="button"
          >
            <span>
              Test Action
            </span>
            <span
              class=""
            />
          </button>
          <div
            class="commonSwitch"
          >
            <label
              class="controlLabel"
            >
              <span
                class=""
              >
                <span
                  aria-disabled="false"
                  class=""
                >
                  <span>
                    <span />
                    <input
                      id=""
                      type="checkbox"
                      value=""
                    />
                  </span>
                </span>
                <span
                  class=""
                />
              </span>
              <span
                class=""
              >
                CUSTOM ACTION
              </span>
            </label>
            
          </div>
        </div>
      </div>
      <div
        class="tabs"
        data-testid="card-tabs"
      >
        <div
          class=""
          style="overflow: hidden;"
        >
          <div
            class=""
            role="tablist"
          >
            <button
              aria-selected="true"
              class="test-tab-root tab tabbed-page-tab"
              data-testid="tab-one"
              id="tab-one"
              role="tab"
              tabindex="0"
              type="button"
            >
              <span>
                Tab One
              </span>
              <span
                class=""
              />
            </button>
            <button
              aria-selected="false"
              class="tab tabbed-page-tab"
              data-testid="tab-two"
              id="tab-two"
              role="tab"
              tabindex="0"
              type="button"
            >
              <span>
                Tab Two
              </span>
              <span
                class=""
              />
            </button>
            <button
              aria-selected="false"
              class="tab tabbed-page-tab"
              data-testid="tab-three"
              id="tab-three"
              role="tab"
              tabindex="0"
              type="button"
            >
              <span>
                Tab Three
              </span>
              <span
                class=""
              />
            </button>
          </div>
          <span
            class=""
            style="left: 0px; width: 0px;"
          />
        </div>
      </div>
    </div>
    <div
      class="contentAndMenu"
      data-testid="common-page-content-and-menu"
    >
      <div
        class="content"
        data-testid="common-page-content"
      >
        <div
          class="contentContainer"
        >
          <div
            class="alertContainer"
            data-testid="alert"
          >
            <div
              class="error alert-error"
              data-testid="alert-one"
              role="alertdialog"
            >
              <div
                class=""
              >
                <span
                  data-testid="error-alert-message"
                >
                  <svg
                    aria-hidden="true"
                    class="alertIcon"
                    data-testid="error-alert-icon"
                    focusable="false"
                    role="presentation"
                    viewBox="0 0 24 24"
                  >
                    <path
                      d="M12 2C6.48 2 2 6.48 2 12s4.48 10 10 10 10-4.48 10-10S17.52 2 12 2zm1 15h-2v-2h2v2zm0-4h-2V7h2v6z"
                    />
                  </svg>
                  Tab One!
                </span>
              </div>
            </div>
          </div>
        </div>
        <div
          data-testid="test"
        >
          Test
        </div>
        <div
          class="spinnerOverlay"
          data-is-active="false"
          data-testid="spinner-overlay"
        >
          <div
            class="loading"
          />
        </div>
      </div>
    </div>
  </div>
</div>
`;
