// Jest Snapshot v1, https://goo.gl/fbAQLP

exports[`render validated readonly text field 1`] = `
<div>
  <span
    class="success readonlyTextField"
    data-testid="readonly-text-field"
  >
    <span
      aria-hidden="true"
      class="material-icons icon"
      data-testid="icon"
    >
      done
    </span>
    readOnly text
  </span>
</div>
`;
