// Jest Snapshot v1, https://goo.gl/fbAQLP

exports[`render CommonSuggest 1`] = `
<div>
  <div
    class="commonSuggest"
  >
    <div
      aria-expanded="false"
      aria-haspopup="listbox"
      aria-labelledby="common-suggest-label"
      class="commonSuggestField"
      role="combobox"
    >
      <div
        aria-autocomplete="list"
        aria-labelledby="common-suggest-label"
        class=""
      >
        <div
          class=""
          data-testid="common-suggest-input-container"
        >
          <input
            aria-invalid="false"
            autocomplete="off"
            class=""
            data-testid="test-common-suggest"
            id="test-common-suggest"
            type="text"
            value=""
          />
          <div
            class=""
          >
            
            <button
              aria-haspopup="true"
              aria-label="open menu"
              class="commonSuggestButton"
              data-testid="toggle-suggestions"
              data-toggle="true"
              id="test-common-suggest-toggle-suggestions"
              label="menu"
              role="button"
              tabindex="-1"
              title="Show suggestions"
              type="button"
            >
              <span>
                <svg
                  aria-hidden="true"
                  class=""
                  focusable="false"
                  role="presentation"
                  viewBox="0 0 24 24"
                >
                  <path
                    d="M7 10l5 5 5-5z"
                  />
                </svg>
              </span>
            </button>
          </div>
        </div>
      </div>
    </div>
  </div>
</div>
`;
