// Jest Snapshot v1, https://goo.gl/fbAQLP

exports[`render avatar with menu 1`] = `
<div
  aria-hidden="true"
>
  <div
    class="avatarIconContainer test-root"
    data-testid="avatar-icon"
  >
    <button
      class="MuiButtonBase-root MuiIconButton-root test-button MuiIconButton-colorInherit"
      data-testid="avatar-icon-button"
      id="avatar-icon-button"
      tabindex="0"
      type="button"
    >
      <span
        class="MuiIconButton-label"
      >
        <svg
          aria-hidden="true"
          class="MuiSvgIcon-root test-avatar"
          data-testid="avatar-icon-avatar"
          focusable="false"
          role="presentation"
          viewBox="0 0 24 24"
        >
          <path
            d="M12 2C6.48 2 2 6.48 2 12s4.48 10 10 10 10-4.48 10-10S17.52 2 12 2zm0 3c1.66 0 3 1.34 3 3s-1.34 3-3 3-3-1.34-3-3 1.34-3 3-3zm0 14.2c-2.5 0-4.71-1.28-6-3.22.03-1.99 4-3.08 6-3.08 1.99 0 5.97 1.09 6 3.08-1.29 1.94-3.5 3.22-6 3.22z"
          />
          <path
            d="M0 0h24v24H0z"
            fill="none"
          />
        </svg>
      </span>
    </button>
  </div>
  <div
    class="alertContainer"
    data-testid="alert"
  >
    <div
      class="MuiTypography-root MuiPaper-root MuiPaper-elevation6 MuiSnackbarContent-root error alert-error MuiTypography-body2"
      data-testid="content"
      role="alertdialog"
    >
      <div
        class="MuiSnackbarContent-message"
      >
        <span
          data-testid="error-alert-message"
        >
          <svg
            aria-hidden="true"
            class="MuiSvgIcon-root alertIcon"
            data-testid="error-alert-icon"
            focusable="false"
            role="presentation"
            viewBox="0 0 24 24"
          >
            <path
              d="M0 0h24v24H0z"
              fill="none"
            />
            <path
              d="M12 2C6.48 2 2 6.48 2 12s4.48 10 10 10 10-4.48 10-10S17.52 2 12 2zm1 15h-2v-2h2v2zm0-4h-2V7h2v6z"
            />
          </svg>
          test
        </span>
      </div>
    </div>
  </div>
</div>
`;
