// Jest Snapshot v1, https://goo.gl/fbAQLP

exports[`common card classes and margin 1`] = `
<div>
  <div
    class="MuiPaper-root MuiPaper-elevation6 MuiPaper-rounded MuiCard-root test-root card withMargin"
    data-testid="card"
  >
    <div
      class="MuiCardHeader-root test-header"
      data-testid="card-header"
    >
      <div
        class="MuiCardHeader-content"
      >
        <span
          class="MuiTypography-root MuiTypography-h5 MuiCardHeader-title card-title test-title"
          data-testid="card-title"
        >
          Test Card
        </span>
        <span
          class="MuiTypography-root MuiTypography-body1 MuiTypography-colorTextSecondary MuiCardHeader-subheader test-subheader"
          data-testid="card-subheader"
        />
      </div>
      <div
        class="MuiCardHeader-action headerActions"
      >
        <button
          class="MuiButtonBase-root MuiButton-root MuiButton-text MuiButton-flat"
          tabindex="0"
          type="button"
        >
          <span
            class="MuiButton-label"
          >
            Test Header Action Button
          </span>
          <span
            class="MuiTouchRipple-root"
          />
        </button>
      </div>
    </div>
    <div
      class="MuiCardContent-root test-body"
      data-testid="card-body"
    >
      This is a test
    </div>
    <div
      class="MuiCardActions-root test-footer"
      data-testid="card-footer-actions"
    >
      <span
        class="MuiCardActions-action footerActions"
      >
        test
      </span>
    </div>
  </div>
</div>
`;
