// Jest Snapshot v1, https://goo.gl/fbAQLP

exports[`common card classes and margin 1`] = `
<div>
  <div
    class="MuiPaper-root MuiPaper-elevation6 MuiCard-root test-root card withMargin MuiPaper-rounded"
    data-testid="card"
  >
    <div
      class="MuiCardHeader-root test-header"
      data-testid="card-header"
    >
      <div
        class="MuiCardHeader-content"
      >
        <span
          class="MuiTypography-root MuiCardHeader-title card-title test-title MuiTypography-h5 MuiTypography-displayBlock"
          data-testid="card-title"
        >
          Test Card
        </span>
        <span
          class="MuiTypography-root MuiCardHeader-subheader test-subheader MuiTypography-body1 MuiTypography-colorTextSecondary MuiTypography-displayBlock"
          data-testid="card-subheader"
        />
      </div>
      <div
        class="MuiCardHeader-action headerActions"
      >
        <button
          class="MuiButtonBase-root MuiButton-root MuiButton-text MuiButton-text"
          tabindex="0"
          type="button"
        >
          <span
            class="MuiButton-label"
          >
            Test Header Action Button
          </span>
          <span
            class="MuiTouchRipple-root"
          />
        </button>
        <button
          aria-haspopup="true"
          class="MuiButtonBase-root MuiIconButton-root"
          data-testid="dropdown-button"
          tabindex="0"
          type="button"
        >
          <span
            class="MuiIconButton-label"
          >
            <svg
              aria-hidden="true"
              class="MuiSvgIcon-root"
              focusable="false"
              role="presentation"
              viewBox="0 0 24 24"
            >
              <path
                d="M12 8c1.1 0 2-.9 2-2s-.9-2-2-2-2 .9-2 2 .9 2 2 2zm0 2c-1.1 0-2 .9-2 2s.9 2 2 2 2-.9 2-2-.9-2-2-2zm0 6c-1.1 0-2 .9-2 2s.9 2 2 2 2-.9 2-2-.9-2-2-2z"
              />
            </svg>
          </span>
          <span
            class="MuiTouchRipple-root"
          />
        </button>
      </div>
    </div>
    <div
      class="MuiCardContent-root test-body"
      data-testid="card-body"
    >
      This is a test
    </div>
    <div
      class="MuiCardActions-root test-footer MuiCardActions-spacing footerActions"
      data-testid="card-footer-actions"
    >
      <span>
        test
      </span>
    </div>
  </div>
</div>
`;
