// Jest Snapshot v1, https://goo.gl/fbAQLP

exports[`render typeahead 1`] = `
<div>
  <div
    aria-expanded="false"
    aria-haspopup="listbox"
    aria-owns="react-autowhatever-1"
    class="container"
    role="combobox"
  >
    <div
      class="MuiFormControl-root"
    >
      <div
        aria-autocomplete="list"
        aria-controls="react-autowhatever-1"
        class="MuiInput-root MuiInput-formControl MuiInput-underline test"
      >
        <input
          aria-invalid="false"
          aria-required="true"
          autocomplete="off"
          class="MuiInput-input test-typeahead"
          placeholder="Test Typeahead"
          required=""
          type="text"
          value=""
        />
      </div>
      
    </div>
    <div
      class="MuiPaper-root MuiPaper-elevation2"
      id="react-autowhatever-1"
      role="listbox"
    />
  </div>
</div>
`;
